Matches Google behavior by default:
    // keep-sorted-test start
    1,
    2
    3, // three
    // keep-sorted-test end
    // keep-sorted-test start
    1,
    2 // two,
    3
    // keep-sorted-test end
    // keep-sorted-test start
    a,
    b,
    c
    // keep-sorted-test end

Handles blank lines:
    // keep-sorted-test start
    ".java",
    ".yml",
    // keep-sorted-test end
