Initial extra indent is not ignored:
    // keep-sorted-test start
        b
      a
      c
    // keep-sorted-test end
    middle
    // keep-sorted-test start
        b
    a
    c
    // keep-sorted-test end
